CREATE EXTENSION plperl;
CREATE EXTENSION plperlu;
CREATE EXTENSION sparql;
\pset tuples_only

\dx sparql
 sparql | 1.0     | sparql | SPARQL compiler


