select *
  from sparql.get_properties('dbpedia','http://dbpedia.org/resource/Johann_Sebastian_Bach')
 where predicate = 'http://dbpedia.org/ontology/birthYear'
;
               predicate               | object | value | lang 
---------------------------------------+--------+-------+------
 http://dbpedia.org/ontology/birthYear | 1685   | 1685  | 
(1 row)

select substr(sparql.compile_query('dbpedia','bach',$$
select ?predicate, ?object
where {
 <http://dbpedia.org/resource/Johann_Sebastian_Bach> ?predicate ?object.
}
$$,'{predicate}'),1,31) as magick
;
             magick              
---------------------------------
 create or replace function bach
(1 row)

-- select * from bach
;
